// Jest Snapshot v1, https://goo.gl/fbAQLP

exports[`Testing: FormInput component! should render FormInput component. 1`] = `
"<div className=\\"group\\">
  <input className=\\"form-input\\" onChange={[Function: mockConstructor] { _isMockFunction: true, getMockImplementation: [Function (anonymous)], mock: { calls: [], instances: [], invocationCallOrder: [], results: [] }, mockClear: [Function (anonymous)], mockReset: [Function (anonymous)], mockRestore: [Function (anonymous)], mockReturnValueOnce: [Function (anonymous)], mockResolvedValueOnce: [Function (anonymous)], mockRejectedValueOnce: [Function (anonymous)], mockReturnValue: [Function (anonymous)], mockResolvedValue: [Function (anonymous)], mockRejectedValue: [Function (anonymous)], mockImplementationOnce: [Function (anonymous)], mockImplementation: [Function (anonymous)], mockReturnThis: [Function (anonymous)], mockName: [Function (anonymous)], getMockName: [Function (anonymous)] }} value=\\"test@gmail.com\\" />
  <label className=\\"form-input-label shrink\\">
    Email
  </label>
</div>"
`;
