// Jest Snapshot v1, https://goo.gl/fbAQLP

exports[`Testing: CartIcon component! should render CartIcon component. 1`] = `
"<div className=\\"cart-icon\\" onClick={[Function: onClick]}>
  <ForwardRef(SvgShoppingBag) className=\\"shopping-icon\\" />
  <span className=\\"item-count\\">
    1
  </span>
</div>"
`;
