// Jest Snapshot v1, https://goo.gl/fbAQLP

exports[`Testing: Header component! should render Header component. 1`] = `
"<styled.div>
  <Styled(Link) to=\\"/\\">
    <ForwardRef(SvgLogo) className=\\"logo\\" />
  </Styled(Link)>
  <styled.div>
    <Styled(Link) to=\\"/shop\\">
      Shop
    </Styled(Link)>
    <styled.div event=\\"none\\">
      Contact
    </styled.div>
    <styled.div className=\\"sign-out\\" onClick={[Function: mockConstructor]}>
      Sign Out
    </styled.div>
    <Connect(CartIcon) />
  </styled.div>
</styled.div>"
`;
